320 - of the same
130 - the same species
125 - conditions of life
117 - in the same
110 - of natural selection
104 - from each other
102 - species of the
89 - on the other
81 - the other hand
78 - the case of
75 - the theory of
74 - some of the
72 - parts of the
72 - of the world
70 - through natural selection
69 - with respect to
67 - in the case
65 - it may be
65 - the species of
65 - the inhabitants of
64 - of the species
63 - the same genus
62 - that of the
61 - forms of life
60 - individuals of the
58 - as far as
57 - those of the
56 - the number of
56 - project gutenberg tm
55 - part of the
54 - the principle of
53 - the nature of
53 - in this case
52 - nature of the
52 - to each other
51 - on the same
50 - as in the
50 - to the same
50 - more or less
50 - at the same
49 - in regard to
48 - one of the
47 - by natural selection
47 - and in the
47 - it has been
47 - a state of
47 - the individuals of
47 - nearly the same
47 - in which the
47 - we can understand
46 - inhabitants of the
46 - the amount of
46 - state of nature
46 - each other in
45 - are descended from
45 - from a common
44 - might have been
44 - animals and plants
44 - will have been
43 - the conditions of
43 - and on the
42 - to have been
42 - and of the
42 - in a state
42 - the same manner
42 - which have been
42 - to believe that
41 - as well as
41 - respect to the
41 - the same time
41 - varieties of the
41 - would have been
41 - we have seen
40 - there is no
40 - in some degree
40 - the united states
40 - members of the
40 - on the theory
40 - it would be
40 - belonging to the
39 - each other and
39 - could be given
39 - of the most
38 - the present day
38 - that it is
38 - it is that
37 - in order to
37 - theory of natural
36 - the sterility of
36 - of life and
36 - it is not
36 - species belonging to
36 - the process of
35 - habits of life
35 - the power of
35 - for instance the
35 - reason to believe
34 - in relation to
34 - of the sea
33 - at the present
