5 - e e e
4 - d d d
3 - c c c
2 - b b b
1 - a a a
1 - a a b
1 - a b b
1 - b b c
1 - b c c
1 - c c d
1 - c d d
1 - d d e
1 - d e e
